15:08:21 **** Incremental Build of configuration Default for project epuck_project ****
make all 
make: Nothing to be done for 'all'.
15:09:55 **** Incremental Build of configuration Default for project epuck_project ****
make all 
make: Nothing to be done for 'all'.
15:10:22 **** Incremental Build of configuration Default for project epuck_project ****
make all 
make: Nothing to be done for 'all'.
15:12:02 **** Incremental Build of configuration Default for project epuck_project ****
make all 
[1;34mCompiling main.c[0m
main.c:19:0: warning: "RAND_MAX" redefined
 #define RAND_MAX 500
 
In file included from main.c:2:0:
/home/uos/Documents/TeamJ/teamJ/Eclipse_e-puck2/Tools/gcc-arm-none-eabi-7-2017-q4-major/arm-none-eabi/include/stdlib.h:63:0: note: this is the location of the previous definition
 #define RAND_MAX __RAND_MAX
 
main.c: In function 'main':
main.c:54:24: warning: 'counter' may be used uninitialized in this function [-Wmaybe-uninitialized]
                 counter++;
                 ~~~~~~~^~
[1;34mLinking build/Project_template.elf[0m
[1;34mCreating build/Project_template.hex[0m
[1;34mCreating build/Project_template.bin[0m
[1;34mCreating build/Project_template.dmp[0m

   text	   data	    bss	    dec	    hex	filename
  67444	   3028	  17532	  88004	  157c4	build/Project_template.elf
[1;34mCreating build/Project_template.list[0m

[1;34mDone[0m
15:12:16 **** Incremental Build of configuration Default for project epuck_project ****
make all 
make: Nothing to be done for 'all'.
15:12:42 **** Incremental Build of configuration Default for project epuck_project ****
make all 
make: Nothing to be done for 'all'.
15:29:56 **** Incremental Build of configuration Default for project epuck_project ****
make all 
[1;34mCompiling main.c[0m
main.c:22:0: warning: "RAND_MAX" redefined
 #define RAND_MAX 500
 
In file included from main.c:2:0:
/home/uos/Documents/TeamJ/teamJ/Eclipse_e-puck2/Tools/gcc-arm-none-eabi-7-2017-q4-major/arm-none-eabi/include/stdlib.h:63:0: note: this is the location of the previous definition
 #define RAND_MAX __RAND_MAX
 
main.c: In function 'main':
main.c:44:9: warning: variable 'flag' set but not used [-Wunused-but-set-variable]
     int flag;
         ^~~~
main.c:30:6: warning: unused variable 'prox_values' [-Wunused-variable]
  int prox_values[8];
      ^~~~~~~~~~~
[1;34mLinking build/Project_template.elf[0m
[1;34mCreating build/Project_template.hex[0m
[1;34mCreating build/Project_template.bin[0m
[1;34mCreating build/Project_template.dmp[0m

   text	   data	    bss	    dec	    hex	filename
  85284	   3724	  18884	 107892	  1a574	build/Project_template.elf
[1;34mCreating build/Project_template.list[0m

[1;34mDone[0m
15:30:32 **** Incremental Build of configuration Default for project epuck_project ****
make all 
make: Nothing to be done for 'all'.
15:30:47 **** Incremental Build of configuration Default for project epuck_project ****
make all 
make: Nothing to be done for 'all'.
15:32:05 **** Incremental Build of configuration Default for project epuck_project ****
make all 
[1;34mCompiling main.c[0m
main.c:22:0: warning: "RAND_MAX" redefined
 #define RAND_MAX 500
 
In file included from main.c:2:0:
/home/uos/Documents/TeamJ/teamJ/Eclipse_e-puck2/Tools/gcc-arm-none-eabi-7-2017-q4-major/arm-none-eabi/include/stdlib.h:63:0: note: this is the location of the previous definition
 #define RAND_MAX __RAND_MAX
 
main.c: In function 'main':
main.c:44:9: warning: variable 'flag' set but not used [-Wunused-but-set-variable]
     int flag;
         ^~~~
main.c:30:6: warning: unused variable 'prox_values' [-Wunused-variable]
  int prox_values[8];
      ^~~~~~~~~~~
[1;34mLinking build/Project_template.elf[0m
[1;34mCreating build/Project_template.hex[0m
[1;34mCreating build/Project_template.bin[0m
[1;34mCreating build/Project_template.dmp[0m

   text	   data	    bss	    dec	    hex	filename
  85220	   3724	  18884	 107828	  1a534	build/Project_template.elf
[1;34mCreating build/Project_template.list[0m

[1;34mDone[0m
15:36:13 **** Incremental Build of configuration Default for project epuck_project ****
make all 
[1;34mCompiling main.c[0m
main.c:22:0: warning: "RAND_MAX" redefined
 #define RAND_MAX 500
 
In file included from main.c:2:0:
/home/uos/Documents/TeamJ/teamJ/Eclipse_e-puck2/Tools/gcc-arm-none-eabi-7-2017-q4-major/arm-none-eabi/include/stdlib.h:63:0: note: this is the location of the previous definition
 #define RAND_MAX __RAND_MAX
 
main.c: In function 'main':
main.c:44:9: warning: variable 'flag' set but not used [-Wunused-but-set-variable]
     int flag;
         ^~~~
main.c:30:6: warning: unused variable 'prox_values' [-Wunused-variable]
  int prox_values[8];
      ^~~~~~~~~~~
[1;34mLinking build/Project_template.elf[0m
[1;34mCreating build/Project_template.hex[0m
[1;34mCreating build/Project_template.bin[0m
[1;34mCreating build/Project_template.dmp[0m

   text	   data	    bss	    dec	    hex	filename
  84820	   3724	  18884	 107428	  1a3a4	build/Project_template.elf
[1;34mCreating build/Project_template.list[0m

[1;34mDone[0m
15:36:20 **** Incremental Build of configuration Default for project epuck_project ****
make all 
make: Nothing to be done for 'all'.
15:36:32 **** Incremental Build of configuration Default for project epuck_project ****
make all 
make: Nothing to be done for 'all'.
15:38:48 **** Incremental Build of configuration Default for project epuck_project ****
make all 
[1;34mCompiling main.c[0m
main.c:22:0: warning: "RAND_MAX" redefined
 #define RAND_MAX 500
 
In file included from main.c:2:0:
/home/uos/Documents/TeamJ/teamJ/Eclipse_e-puck2/Tools/gcc-arm-none-eabi-7-2017-q4-major/arm-none-eabi/include/stdlib.h:63:0: note: this is the location of the previous definition
 #define RAND_MAX __RAND_MAX
 
main.c: In function 'main':
main.c:44:9: warning: variable 'flag' set but not used [-Wunused-but-set-variable]
     int flag;
         ^~~~
main.c:30:6: warning: unused variable 'prox_values' [-Wunused-variable]
  int prox_values[8];
      ^~~~~~~~~~~
[1;34mLinking build/Project_template.elf[0m
[1;34mCreating build/Project_template.hex[0m
[1;34mCreating build/Project_template.bin[0m
[1;34mCreating build/Project_template.dmp[0m

   text	   data	    bss	    dec	    hex	filename
  85316	   3724	  18884	 107924	  1a594	build/Project_template.elf
[1;34mCreating build/Project_template.list[0m

[1;34mDone[0m
15:38:55 **** Incremental Build of configuration Default for project epuck_project ****
make all 
make: Nothing to be done for 'all'.
15:39:57 **** Incremental Build of configuration Default for project epuck_project ****
make all 
make: Nothing to be done for 'all'.
15:40:12 **** Incremental Build of configuration Default for project epuck_project ****
make all 
make: Nothing to be done for 'all'.
15:43:57 **** Incremental Build of configuration Default for project epuck_project ****
make all 
[1;34mCompiling main.c[0m
main.c:22:0: warning: "RAND_MAX" redefined
 #define RAND_MAX 500
 
In file included from main.c:2:0:
/home/uos/Documents/TeamJ/teamJ/Eclipse_e-puck2/Tools/gcc-arm-none-eabi-7-2017-q4-major/arm-none-eabi/include/stdlib.h:63:0: note: this is the location of the previous definition
 #define RAND_MAX __RAND_MAX
 
main.c: In function 'main':
main.c:44:9: warning: variable 'flag' set but not used [-Wunused-but-set-variable]
     int flag;
         ^~~~
main.c:30:6: warning: unused variable 'prox_values' [-Wunused-variable]
  int prox_values[8];
      ^~~~~~~~~~~
[1;34mLinking build/Project_template.elf[0m
[1;34mCreating build/Project_template.hex[0m
[1;34mCreating build/Project_template.bin[0m
[1;34mCreating build/Project_template.dmp[0m

   text	   data	    bss	    dec	    hex	filename
  85316	   3724	  18884	 107924	  1a594	build/Project_template.elf
[1;34mCreating build/Project_template.list[0m

[1;34mDone[0m
15:47:28 **** Incremental Build of configuration Default for project epuck_project ****
make all 
[1;34mCompiling main.c[0m
main.c:22:0: warning: "RAND_MAX" redefined
 #define RAND_MAX 500
 
In file included from main.c:2:0:
/home/uos/Documents/TeamJ/teamJ/Eclipse_e-puck2/Tools/gcc-arm-none-eabi-7-2017-q4-major/arm-none-eabi/include/stdlib.h:63:0: note: this is the location of the previous definition
 #define RAND_MAX __RAND_MAX
 
main.c: In function 'main':
main.c:44:9: warning: variable 'flag' set but not used [-Wunused-but-set-variable]
     int flag;
         ^~~~
main.c:30:6: warning: unused variable 'prox_values' [-Wunused-variable]
  int prox_values[8];
      ^~~~~~~~~~~
[1;34mLinking build/Project_template.elf[0m
[1;34mCreating build/Project_template.hex[0m
[1;34mCreating build/Project_template.bin[0m
[1;34mCreating build/Project_template.dmp[0m

   text	   data	    bss	    dec	    hex	filename
  85300	   3724	  18884	 107908	  1a584	build/Project_template.elf
[1;34mCreating build/Project_template.list[0m

[1;34mDone[0m
15:47:47 **** Incremental Build of configuration Default for project epuck_project ****
make all 
make: Nothing to be done for 'all'.
15:50:19 **** Incremental Build of configuration Default for project epuck_project ****
make all 
[1;34mCompiling main.c[0m
main.c:22:0: warning: "RAND_MAX" redefined
 #define RAND_MAX 500
 
In file included from main.c:2:0:
/home/uos/Documents/TeamJ/teamJ/Eclipse_e-puck2/Tools/gcc-arm-none-eabi-7-2017-q4-major/arm-none-eabi/include/stdlib.h:63:0: note: this is the location of the previous definition
 #define RAND_MAX __RAND_MAX
 
main.c: In function 'main':
main.c:44:9: warning: variable 'flag' set but not used [-Wunused-but-set-variable]
     int flag;
         ^~~~
main.c:30:6: warning: unused variable 'prox_values' [-Wunused-variable]
  int prox_values[8];
      ^~~~~~~~~~~
[1;34mLinking build/Project_template.elf[0m
[1;34mCreating build/Project_template.hex[0m
[1;34mCreating build/Project_template.bin[0m
[1;34mCreating build/Project_template.dmp[0m

   text	   data	    bss	    dec	    hex	filename
  85300	   3724	  18884	 107908	  1a584	build/Project_template.elf
[1;34mCreating build/Project_template.list[0m

[1;34mDone[0m
15:50:33 **** Incremental Build of configuration Default for project epuck_project ****
make all 
make: Nothing to be done for 'all'.
15:53:19 **** Incremental Build of configuration Default for project epuck_project ****
make all 
[1;34mCompiling main.c[0m
main.c:22:0: warning: "RAND_MAX" redefined
 #define RAND_MAX 500
 
In file included from main.c:2:0:
/home/uos/Documents/TeamJ/teamJ/Eclipse_e-puck2/Tools/gcc-arm-none-eabi-7-2017-q4-major/arm-none-eabi/include/stdlib.h:63:0: note: this is the location of the previous definition
 #define RAND_MAX __RAND_MAX
 
main.c: In function 'main':
main.c:52:39: error: expected expression before '||' token
   while(get_calibrated_prox(7) < 150) || (get_calibrated_prox(0) > 150)){
                                       ^~
main.c:52:3: warning: this 'while' clause does not guard... [-Wmisleading-indentation]
   while(get_calibrated_prox(7) < 150) || (get_calibrated_prox(0) > 150)){
   ^~~~~
main.c:52:72: note: ...this statement, but the latter is misleadingly indented as if it were guarded by the 'while'
   while(get_calibrated_prox(7) < 150) || (get_calibrated_prox(0) > 150)){
                                                                        ^
main.c:52:72: error: expected statement before ')' token
main.c:44:9: warning: variable 'flag' set but not used [-Wunused-but-set-variable]
     int flag;
         ^~~~
main.c:30:6: warning: unused variable 'prox_values' [-Wunused-variable]
  int prox_values[8];
      ^~~~~~~~~~~
../e-puck2_main-processor/ChibiOS//os/common/ports/ARMCMx/compilers/GCC/rules.mk:216: recipe for target 'build/obj/main.o' failed
make: *** [build/obj/main.o] Error 1
15:53:31 **** Incremental Build of configuration Default for project epuck_project ****
make all 
[1;34mCompiling main.c[0m
main.c:22:0: warning: "RAND_MAX" redefined
 #define RAND_MAX 500
 
In file included from main.c:2:0:
/home/uos/Documents/TeamJ/teamJ/Eclipse_e-puck2/Tools/gcc-arm-none-eabi-7-2017-q4-major/arm-none-eabi/include/stdlib.h:63:0: note: this is the location of the previous definition
 #define RAND_MAX __RAND_MAX
 
main.c: In function 'main':
main.c:52:39: error: expected expression before '||' token
   while(get_calibrated_prox(7) < 150) || (get_calibrated_prox(0) > 150)){
                                       ^~
../e-puck2_main-processor/ChibiOS//os/common/ports/ARMCMx/compilers/GCC/rules.mk:216: recipe for target 'build/obj/main.o' failed
main.c:52:3: warning: this 'while' clause does not guard... [-Wmisleading-indentation]
   while(get_calibrated_prox(7) < 150) || (get_calibrated_prox(0) > 150)){
   ^~~~~
main.c:52:72: note: ...this statement, but the latter is misleadingly indented as if it were guarded by the 'while'
   while(get_calibrated_prox(7) < 150) || (get_calibrated_prox(0) > 150)){
                                                                        ^
main.c:52:72: error: expected statement before ')' token
main.c:44:9: warning: variable 'flag' set but not used [-Wunused-but-set-variable]
     int flag;
         ^~~~
main.c:30:6: warning: unused variable 'prox_values' [-Wunused-variable]
  int prox_values[8];
      ^~~~~~~~~~~
make: *** [build/obj/main.o] Error 1
15:54:33 **** Incremental Build of configuration Default for project epuck_project ****
make all 
[1;34mCompiling main.c[0m
main.c:22:0: warning: "RAND_MAX" redefined
 #define RAND_MAX 500
 
In file included from main.c:2:0:
/home/uos/Documents/TeamJ/teamJ/Eclipse_e-puck2/Tools/gcc-arm-none-eabi-7-2017-q4-major/arm-none-eabi/include/stdlib.h:63:0: note: this is the location of the previous definition
 #define RAND_MAX __RAND_MAX
 
main.c: In function 'main':
main.c:44:9: warning: variable 'flag' set but not used [-Wunused-but-set-variable]
     int flag;
         ^~~~
main.c:30:6: warning: unused variable 'prox_values' [-Wunused-variable]
  int prox_values[8];
      ^~~~~~~~~~~
[1;34mLinking build/Project_template.elf[0m
[1;34mCreating build/Project_template.hex[0m
[1;34mCreating build/Project_template.bin[0m
[1;34mCreating build/Project_template.dmp[0m

   text	   data	    bss	    dec	    hex	filename
  85284	   3724	  18884	 107892	  1a574	build/Project_template.elf
[1;34mCreating build/Project_template.list[0m

[1;34mDone[0m
15:56:55 **** Incremental Build of configuration Default for project epuck_project ****
make all 
[1;34mCompiling main.c[0m
main.c:22:0: warning: "RAND_MAX" redefined
 #define RAND_MAX 500
 
In file included from main.c:2:0:
/home/uos/Documents/TeamJ/teamJ/Eclipse_e-puck2/Tools/gcc-arm-none-eabi-7-2017-q4-major/arm-none-eabi/include/stdlib.h:63:0: note: this is the location of the previous definition
 #define RAND_MAX __RAND_MAX
 
main.c: In function 'main':
main.c:44:9: warning: variable 'flag' set but not used [-Wunused-but-set-variable]
     int flag;
         ^~~~
main.c:30:6: warning: unused variable 'prox_values' [-Wunused-variable]
  int prox_values[8];
      ^~~~~~~~~~~
[1;34mLinking build/Project_template.elf[0m
[1;34mCreating build/Project_template.hex[0m
[1;34mCreating build/Project_template.bin[0m
[1;34mCreating build/Project_template.dmp[0m

   text	   data	    bss	    dec	    hex	filename
  85284	   3724	  18884	 107892	  1a574	build/Project_template.elf
[1;34mCreating build/Project_template.list[0m

[1;34mDone[0m
16:02:56 **** Incremental Build of configuration Default for project epuck_project ****
make all 
[1;34mCompiling main.c[0m
main.c:22:0: warning: "RAND_MAX" redefined
 #define RAND_MAX 500
 
In file included from main.c:2:0:
/home/uos/Documents/TeamJ/teamJ/Eclipse_e-puck2/Tools/gcc-arm-none-eabi-7-2017-q4-major/arm-none-eabi/include/stdlib.h:63:0: note: this is the location of the previous definition
 #define RAND_MAX __RAND_MAX
 
main.c: In function 'main':
main.c:44:9: warning: variable 'flag' set but not used [-Wunused-but-set-variable]
     int flag;
         ^~~~
main.c:30:6: warning: unused variable 'prox_values' [-Wunused-variable]
  int prox_values[8];
      ^~~~~~~~~~~
[1;34mLinking build/Project_template.elf[0m
[1;34mCreating build/Project_template.hex[0m
[1;34mCreating build/Project_template.bin[0m
[1;34mCreating build/Project_template.dmp[0m

   text	   data	    bss	    dec	    hex	filename
  85268	   3724	  18884	 107876	  1a564	build/Project_template.elf
[1;34mCreating build/Project_template.list[0m

[1;34mDone[0m
16:05:29 **** Incremental Build of configuration Default for project epuck_project ****
make all 
[1;34mCompiling main.c[0m
main.c:22:0: warning: "RAND_MAX" redefined
 #define RAND_MAX 500
 
In file included from main.c:2:0:
/home/uos/Documents/TeamJ/teamJ/Eclipse_e-puck2/Tools/gcc-arm-none-eabi-7-2017-q4-major/arm-none-eabi/include/stdlib.h:63:0: note: this is the location of the previous definition
 #define RAND_MAX __RAND_MAX
 
main.c: In function 'main':
main.c:44:9: warning: variable 'flag' set but not used [-Wunused-but-set-variable]
     int flag;
         ^~~~
main.c:30:6: warning: unused variable 'prox_values' [-Wunused-variable]
  int prox_values[8];
      ^~~~~~~~~~~
[1;34mLinking build/Project_template.elf[0m
[1;34mCreating build/Project_template.hex[0m
[1;34mCreating build/Project_template.bin[0m
[1;34mCreating build/Project_template.dmp[0m

   text	   data	    bss	    dec	    hex	filename
  85268	   3724	  18884	 107876	  1a564	build/Project_template.elf
[1;34mCreating build/Project_template.list[0m

[1;34mDone[0m
16:05:39 **** Incremental Build of configuration Default for project epuck_project ****
make all 
make: Nothing to be done for 'all'.
16:10:15 **** Incremental Build of configuration Default for project epuck_project ****
make all 
[1;34mCompiling main.c[0m
main.c:22:0: warning: "RAND_MAX" redefined
 #define RAND_MAX 500
 
In file included from main.c:2:0:
/home/uos/Documents/TeamJ/teamJ/Eclipse_e-puck2/Tools/gcc-arm-none-eabi-7-2017-q4-major/arm-none-eabi/include/stdlib.h:63:0: note: this is the location of the previous definition
 #define RAND_MAX __RAND_MAX
 
main.c: In function 'main':
main.c:44:9: warning: variable 'flag' set but not used [-Wunused-but-set-variable]
     int flag;
         ^~~~
main.c:30:6: warning: unused variable 'prox_values' [-Wunused-variable]
  int prox_values[8];
      ^~~~~~~~~~~
[1;34mLinking build/Project_template.elf[0m
[1;34mCreating build/Project_template.hex[0m
[1;34mCreating build/Project_template.bin[0m
[1;34mCreating build/Project_template.dmp[0m

   text	   data	    bss	    dec	    hex	filename
  85284	   3724	  18884	 107892	  1a574	build/Project_template.elf
[1;34mCreating build/Project_template.list[0m

[1;34mDone[0m
16:13:33 **** Incremental Build of configuration Default for project epuck_project ****
make all 
[1;34mCompiling main.c[0m
main.c:22:0: warning: "RAND_MAX" redefined
 #define RAND_MAX 500
 
In file included from main.c:2:0:
/home/uos/Documents/TeamJ/teamJ/Eclipse_e-puck2/Tools/gcc-arm-none-eabi-7-2017-q4-major/arm-none-eabi/include/stdlib.h:63:0: note: this is the location of the previous definition
 #define RAND_MAX __RAND_MAX
 
main.c: In function 'main':
main.c:44:9: warning: variable 'flag' set but not used [-Wunused-but-set-variable]
     int flag;
         ^~~~
main.c:30:6: warning: unused variable 'prox_values' [-Wunused-variable]
  int prox_values[8];
      ^~~~~~~~~~~
[1;34mLinking build/Project_template.elf[0m
[1;34mCreating build/Project_template.hex[0m
[1;34mCreating build/Project_template.bin[0m
[1;34mCreating build/Project_template.dmp[0m

   text	   data	    bss	    dec	    hex	filename
  85284	   3724	  18884	 107892	  1a574	build/Project_template.elf
[1;34mCreating build/Project_template.list[0m

[1;34mDone[0m
16:13:44 **** Incremental Build of configuration Default for project epuck_project ****
make all 
make: Nothing to be done for 'all'.
16:16:45 **** Incremental Build of configuration Default for project epuck_project ****
make all 
[1;34mCompiling main.c[0m
main.c:22:0: warning: "RAND_MAX" redefined
 #define RAND_MAX 500
 
In file included from main.c:2:0:
/home/uos/Documents/TeamJ/teamJ/Eclipse_e-puck2/Tools/gcc-arm-none-eabi-7-2017-q4-major/arm-none-eabi/include/stdlib.h:63:0: note: this is the location of the previous definition
 #define RAND_MAX __RAND_MAX
 
main.c: In function 'main':
main.c:44:9: warning: variable 'flag' set but not used [-Wunused-but-set-variable]
     int flag;
         ^~~~
main.c:30:6: warning: unused variable 'prox_values' [-Wunused-variable]
  int prox_values[8];
      ^~~~~~~~~~~
[1;34mLinking build/Project_template.elf[0m
[1;34mCreating build/Project_template.hex[0m
[1;34mCreating build/Project_template.bin[0m
[1;34mCreating build/Project_template.dmp[0m

   text	   data	    bss	    dec	    hex	filename
  85268	   3724	  18884	 107876	  1a564	build/Project_template.elf
[1;34mCreating build/Project_template.list[0m

[1;34mDone[0m
16:16:54 **** Incremental Build of configuration Default for project epuck_project ****
make all 
make: Nothing to be done for 'all'.
16:17:10 **** Incremental Build of configuration Default for project epuck_project ****
make all 
make: Nothing to be done for 'all'.
16:25:58 **** Incremental Build of configuration Default for project epuck_project ****
make all 
[1;34mCompiling main.c[0m
main.c:22:0: warning: "RAND_MAX" redefined
 #define RAND_MAX 500
 
In file included from main.c:2:0:
/home/uos/Documents/TeamJ/teamJ/Eclipse_e-puck2/Tools/gcc-arm-none-eabi-7-2017-q4-major/arm-none-eabi/include/stdlib.h:63:0: note: this is the location of the previous definition
 #define RAND_MAX __RAND_MAX
 
main.c: In function 'main':
main.c:44:9: warning: variable 'flag' set but not used [-Wunused-but-set-variable]
     int flag;
         ^~~~
main.c:30:6: warning: unused variable 'prox_values' [-Wunused-variable]
  int prox_values[8];
      ^~~~~~~~~~~
[1;34mLinking build/Project_template.elf[0m
[1;34mCreating build/Project_template.hex[0m
[1;34mCreating build/Project_template.bin[0m
[1;34mCreating build/Project_template.dmp[0m

   text	   data	    bss	    dec	    hex	filename
  85300	   3724	  18884	 107908	  1a584	build/Project_template.elf
[1;34mCreating build/Project_template.list[0m

[1;34mDone[0m
16:26:18 **** Incremental Build of configuration Default for project epuck_project ****
make all 
make: Nothing to be done for 'all'.
16:30:26 **** Incremental Build of configuration Default for project epuck_project ****
make all 
[1;34mCompiling main.c[0m
main.c:22:0: warning: "RAND_MAX" redefined
 #define RAND_MAX 500
 
In file included from main.c:2:0:
/home/uos/Documents/TeamJ/teamJ/Eclipse_e-puck2/Tools/gcc-arm-none-eabi-7-2017-q4-major/arm-none-eabi/include/stdlib.h:63:0: note: this is the location of the previous definition
 #define RAND_MAX __RAND_MAX
 
main.c: In function 'main':
main.c:44:9: warning: variable 'flag' set but not used [-Wunused-but-set-variable]
     int flag;
         ^~~~
main.c:30:6: warning: unused variable 'prox_values' [-Wunused-variable]
  int prox_values[8];
      ^~~~~~~~~~~
[1;34mLinking build/Project_template.elf[0m
[1;34mCreating build/Project_template.hex[0m
[1;34mCreating build/Project_template.bin[0m
[1;34mCreating build/Project_template.dmp[0m

   text	   data	    bss	    dec	    hex	filename
  85252	   3724	  18884	 107860	  1a554	build/Project_template.elf
[1;34mCreating build/Project_template.list[0m

[1;34mDone[0m
16:30:42 **** Incremental Build of configuration Default for project epuck_project ****
make all 
make: Nothing to be done for 'all'.
16:33:35 **** Incremental Build of configuration Default for project epuck_project ****
make all 
[1;34mCompiling main.c[0m
main.c:22:0: warning: "RAND_MAX" redefined
 #define RAND_MAX 500
 
In file included from main.c:2:0:
/home/uos/Documents/TeamJ/teamJ/Eclipse_e-puck2/Tools/gcc-arm-none-eabi-7-2017-q4-major/arm-none-eabi/include/stdlib.h:63:0: note: this is the location of the previous definition
 #define RAND_MAX __RAND_MAX
 
main.c: In function 'main':
main.c:44:9: warning: variable 'flag' set but not used [-Wunused-but-set-variable]
     int flag;
         ^~~~
main.c:30:6: warning: unused variable 'prox_values' [-Wunused-variable]
  int prox_values[8];
      ^~~~~~~~~~~
[1;34mLinking build/Project_template.elf[0m
[1;34mCreating build/Project_template.hex[0m
[1;34mCreating build/Project_template.bin[0m
[1;34mCreating build/Project_template.dmp[0m

   text	   data	    bss	    dec	    hex	filename
  85268	   3724	  18884	 107876	  1a564	build/Project_template.elf
[1;34mCreating build/Project_template.list[0m

[1;34mDone[0m
16:36:13 **** Incremental Build of configuration Default for project epuck_project ****
make all 
[1;34mCompiling main.c[0m
main.c:22:0: warning: "RAND_MAX" redefined
 #define RAND_MAX 500
 
In file included from main.c:2:0:
/home/uos/Documents/TeamJ/teamJ/Eclipse_e-puck2/Tools/gcc-arm-none-eabi-7-2017-q4-major/arm-none-eabi/include/stdlib.h:63:0: note: this is the location of the previous definition
 #define RAND_MAX __RAND_MAX
 
main.c: In function 'main':
main.c:44:9: warning: variable 'flag' set but not used [-Wunused-but-set-variable]
     int flag;
         ^~~~
main.c:30:6: warning: unused variable 'prox_values' [-Wunused-variable]
  int prox_values[8];
      ^~~~~~~~~~~
[1;34mLinking build/Project_template.elf[0m
[1;34mCreating build/Project_template.hex[0m
[1;34mCreating build/Project_template.bin[0m
[1;34mCreating build/Project_template.dmp[0m

   text	   data	    bss	    dec	    hex	filename
  85300	   3724	  18884	 107908	  1a584	build/Project_template.elf
[1;34mCreating build/Project_template.list[0m

[1;34mDone[0m
16:36:28 **** Incremental Build of configuration Default for project epuck_project ****
make all 
make: Nothing to be done for 'all'.
16:38:03 **** Incremental Build of configuration Default for project epuck_project ****
make all 
[1;34mCompiling main.c[0m
main.c:22:0: warning: "RAND_MAX" redefined
 #define RAND_MAX 500
 
In file included from main.c:2:0:
/home/uos/Documents/TeamJ/teamJ/Eclipse_e-puck2/Tools/gcc-arm-none-eabi-7-2017-q4-major/arm-none-eabi/include/stdlib.h:63:0: note: this is the location of the previous definition
 #define RAND_MAX __RAND_MAX
 
main.c: In function 'main':
main.c:44:9: warning: variable 'flag' set but not used [-Wunused-but-set-variable]
     int flag;
         ^~~~
main.c:30:6: warning: unused variable 'prox_values' [-Wunused-variable]
  int prox_values[8];
      ^~~~~~~~~~~
[1;34mLinking build/Project_template.elf[0m
[1;34mCreating build/Project_template.hex[0m
[1;34mCreating build/Project_template.bin[0m
[1;34mCreating build/Project_template.dmp[0m

   text	   data	    bss	    dec	    hex	filename
  85268	   3724	  18884	 107876	  1a564	build/Project_template.elf
[1;34mCreating build/Project_template.list[0m

[1;34mDone[0m
16:38:22 **** Incremental Build of configuration Default for project epuck_project ****
make all 
make: Nothing to be done for 'all'.
16:42:27 **** Incremental Build of configuration Default for project epuck_project ****
make all 
[1;34mCompiling main.c[0m
main.c:22:0: warning: "RAND_MAX" redefined
 #define RAND_MAX 500
 
In file included from main.c:2:0:
/home/uos/Documents/TeamJ/teamJ/Eclipse_e-puck2/Tools/gcc-arm-none-eabi-7-2017-q4-major/arm-none-eabi/include/stdlib.h:63:0: note: this is the location of the previous definition
 #define RAND_MAX __RAND_MAX
 
main.c: In function 'main':
main.c:44:9: warning: variable 'flag' set but not used [-Wunused-but-set-variable]
     int flag;
         ^~~~
main.c:30:6: warning: unused variable 'prox_values' [-Wunused-variable]
  int prox_values[8];
      ^~~~~~~~~~~
[1;34mLinking build/Project_template.elf[0m
[1;34mCreating build/Project_template.hex[0m
[1;34mCreating build/Project_template.bin[0m
[1;34mCreating build/Project_template.dmp[0m

   text	   data	    bss	    dec	    hex	filename
  85268	   3724	  18884	 107876	  1a564	build/Project_template.elf
[1;34mCreating build/Project_template.list[0m

[1;34mDone[0m
16:42:35 **** Incremental Build of configuration Default for project epuck_project ****
make all 
make: Nothing to be done for 'all'.
16:44:10 **** Incremental Build of configuration Default for project epuck_project ****
make all 
[1;34mCompiling main.c[0m
main.c:22:0: warning: "RAND_MAX" redefined
 #define RAND_MAX 500
 
In file included from main.c:2:0:
/home/uos/Documents/TeamJ/teamJ/Eclipse_e-puck2/Tools/gcc-arm-none-eabi-7-2017-q4-major/arm-none-eabi/include/stdlib.h:63:0: note: this is the location of the previous definition
 #define RAND_MAX __RAND_MAX
 
main.c: In function 'main':
main.c:44:9: warning: variable 'flag' set but not used [-Wunused-but-set-variable]
     int flag;
         ^~~~
main.c:30:6: warning: unused variable 'prox_values' [-Wunused-variable]
  int prox_values[8];
      ^~~~~~~~~~~
[1;34mLinking build/Project_template.elf[0m
[1;34mCreating build/Project_template.hex[0m
[1;34mCreating build/Project_template.bin[0m
[1;34mCreating build/Project_template.dmp[0m

   text	   data	    bss	    dec	    hex	filename
  85300	   3724	  18884	 107908	  1a584	build/Project_template.elf
[1;34mCreating build/Project_template.list[0m

[1;34mDone[0m
17:06:39 **** Incremental Build of configuration Default for project epuck_project ****
make all 
[1;34mCompiling main.c[0m
main.c:22:0: warning: "RAND_MAX" redefined
 #define RAND_MAX 500
 
In file included from main.c:2:0:
/home/uos/Documents/TeamJ/teamJ/Eclipse_e-puck2/Tools/gcc-arm-none-eabi-7-2017-q4-major/arm-none-eabi/include/stdlib.h:63:0: note: this is the location of the previous definition
 #define RAND_MAX __RAND_MAX
 
main.c: In function 'main':
main.c:44:9: warning: variable 'flag' set but not used [-Wunused-but-set-variable]
     int flag;
         ^~~~
main.c:30:6: warning: unused variable 'prox_values' [-Wunused-variable]
  int prox_values[8];
      ^~~~~~~~~~~
[1;34mLinking build/Project_template.elf[0m
[1;34mCreating build/Project_template.hex[0m
[1;34mCreating build/Project_template.bin[0m
[1;34mCreating build/Project_template.dmp[0m

   text	   data	    bss	    dec	    hex	filename
  85300	   3724	  18884	 107908	  1a584	build/Project_template.elf
[1;34mCreating build/Project_template.list[0m

[1;34mDone[0m
17:06:47 **** Incremental Build of configuration Default for project epuck_project ****
make all 
make: Nothing to be done for 'all'.
17:08:08 **** Incremental Build of configuration Default for project epuck_project ****
make all 
[1;34mCompiling main.c[0m
main.c:22:0: warning: "RAND_MAX" redefined
 #define RAND_MAX 500
 
In file included from main.c:2:0:
/home/uos/Documents/TeamJ/teamJ/Eclipse_e-puck2/Tools/gcc-arm-none-eabi-7-2017-q4-major/arm-none-eabi/include/stdlib.h:63:0: note: this is the location of the previous definition
 #define RAND_MAX __RAND_MAX
 
main.c: In function 'main':
main.c:44:9: warning: variable 'flag' set but not used [-Wunused-but-set-variable]
     int flag;
         ^~~~
main.c:30:6: warning: unused variable 'prox_values' [-Wunused-variable]
  int prox_values[8];
      ^~~~~~~~~~~
[1;34mLinking build/Project_template.elf[0m
[1;34mCreating build/Project_template.hex[0m
[1;34mCreating build/Project_template.bin[0m
[1;34mCreating build/Project_template.dmp[0m

   text	   data	    bss	    dec	    hex	filename
  85300	   3724	  18884	 107908	  1a584	build/Project_template.elf
[1;34mCreating build/Project_template.list[0m

[1;34mDone[0m
17:08:21 **** Incremental Build of configuration Default for project epuck_project ****
make all 
make: Nothing to be done for 'all'.
17:08:35 **** Incremental Build of configuration Default for project epuck_project ****
make all 
make: Nothing to be done for 'all'.
